/auth test1 PASSWORD MyDisplayName
Success: Authentication successful.
Server: MyDisplayName joined discord.general.